current directory: /home/runner/work/lab-www/lab-www/vendor/bundle/ruby/3.1.0/gems/io-event-1.9.0/ext
/opt/hostedtoolcache/Ruby/3.1.6/x64/bin/ruby -I /opt/hostedtoolcache/Ruby/3.1.6/x64/lib/ruby/3.1.0 extconf.rb
checking for rb_ext_ractor_safe()... yes
checking for &rb_fiber_transfer()... yes
checking for -luring... no
checking for sys/epoll.h... yes
checking for sys/event.h... no
checking for sys/wait.h... yes
checking for sys/eventfd.h... yes
checking for rb_io_descriptor()... yes
checking for &rb_process_status_wait()... no
checking for rb_fiber_current()... yes
checking for &rb_fiber_raise()... yes
checking for epoll_pwait2()... yes
checking for ruby/io/buffer.h... yes
creating extconf.h
creating Makefile

current directory: /home/runner/work/lab-www/lab-www/vendor/bundle/ruby/3.1.0/gems/io-event-1.9.0/ext
make DESTDIR\= sitearchdir\=./.gem.20250211-1883-139j2r sitelibdir\=./.gem.20250211-1883-139j2r clean

current directory: /home/runner/work/lab-www/lab-www/vendor/bundle/ruby/3.1.0/gems/io-event-1.9.0/ext
make DESTDIR\= sitearchdir\=./.gem.20250211-1883-139j2r sitelibdir\=./.gem.20250211-1883-139j2r
compiling ./io/event/event.c
compiling ./io/event/time.c
compiling ./io/event/fiber.c
compiling ./io/event/profiler.c
compiling ./io/event/selector/selector.c
compiling ./io/event/selector/epoll.c
compiling ./io/event/interrupt.c
linking shared-object IO_Event.so

current directory: /home/runner/work/lab-www/lab-www/vendor/bundle/ruby/3.1.0/gems/io-event-1.9.0/ext
make DESTDIR\= sitearchdir\=./.gem.20250211-1883-139j2r sitelibdir\=./.gem.20250211-1883-139j2r install
/usr/bin/install -c -m 0755 IO_Event.so ./.gem.20250211-1883-139j2r
